[persisted] target/bench-results/bench_frontier/890039d__Qwen3.6-35B-A3B-Escha-W2__20260905T173353Z-455.json
       27.02 real         3.48 user        11.88 sys
          8862253056  maximum resident set size
                   0  average shared memory size
                   0  average unshared data size
                   0  average unshared stack size
              641229  page reclaims
                 179  page faults
                   0  swaps
                   0  block input operations
                   0  block output operations
                   0  messages sent
                   0  messages received
                   0  signals received
                 931  voluntary context switches
              134095  involuntary context switches
         55133653374  instructions retired
         29903693657  cycles elapsed
         19504801608  peak memory footprint
__MATCHED_OFF_EXIT__ 0
