
  GitNexus Analyzer (1.6.11)

  GitNexus Analyzer (1.6.11)
  GITNEXUS_MAX_FILE_SIZE: effective threshold 2048KB (default 512KB)

{"level":40,"time":1788775904046,"name":"gitnexus","language":"rust","context":"actual-formal-overflow:crates/higgs-bench/src/lib.rs:149:15","candidateCount":33,"cap":32,"msg":"callable-value-flow: candidate set exceeded the cap; no partial CALLS emitted"}
{"level":40,"time":1788775904046,"name":"gitnexus","language":"rust","context":"actual-formal-overflow:crates/higgs-bench/src/lib.rs:149:15","candidateCount":33,"cap":32,"msg":"callable-value-flow: candidate set exceeded the cap; no partial CALLS emitted"}
{"level":40,"time":1788775904046,"name":"gitnexus","language":"rust","context":"actual-formal-overflow:crates/higgs-bench/src/lib.rs:149:15","candidateCount":33,"cap":32,"msg":"callable-value-flow: candidate set exceeded the cap; no partial CALLS emitted"}
{"level":40,"time":1788775904046,"name":"gitnexus","language":"rust","context":"actual-formal-overflow:crates/higgs-bench/src/lib.rs:149:15","candidateCount":33,"cap":32,"msg":"callable-value-flow: candidate set exceeded the cap; no partial CALLS emitted"}
{"level":40,"time":1788775904046,"name":"gitnexus","language":"rust","context":"actual-formal-overflow:crates/higgs-bench/src/lib.rs:149:15","candidateCount":33,"cap":32,"msg":"callable-value-flow: candidate set exceeded the cap; no partial CALLS emitted"}
{"level":40,"time":1788775904046,"name":"gitnexus","language":"rust","context":"actual-formal-overflow:crates/higgs-bench/src/lib.rs:149:15","candidateCount":33,"cap":32,"msg":"callable-value-flow: candidate set exceeded the cap; no partial CALLS emitted"}
{"level":40,"time":1788775904046,"name":"gitnexus","language":"rust","context":"actual-formal-overflow:crates/higgs-bench/src/lib.rs:149:15","candidateCount":33,"cap":32,"msg":"callable-value-flow: candidate set exceeded the cap; no partial CALLS emitted"}
{"level":40,"time":1788775904046,"name":"gitnexus","language":"rust","context":"actual-formal-overflow:crates/higgs-bench/src/lib.rs:149:15","candidateCount":33,"cap":32,"msg":"callable-value-flow: candidate set exceeded the cap; no partial CALLS emitted"}
{"level":40,"time":1788775904046,"name":"gitnexus","language":"rust","context":"actual-formal-overflow:crates/higgs-bench/src/lib.rs:149:15","candidateCount":33,"cap":32,"msg":"callable-value-flow: candidate set exceeded the cap; no partial CALLS emitted"}
{"level":40,"time":1788775904046,"name":"gitnexus","language":"rust","context":"actual-formal-overflow:crates/higgs-bench/src/lib.rs:149:15","candidateCount":33,"cap":32,"msg":"callable-value-flow: candidate set exceeded the cap; no partial CALLS emitted"}
{"level":40,"time":1788775904046,"name":"gitnexus","language":"rust","context":"actual-formal-overflow:crates/higgs-bench/src/lib.rs:149:15","candidateCount":33,"cap":32,"msg":"callable-value-flow: candidate set exceeded the cap; no partial CALLS emitted"}
{"level":40,"time":1788775904046,"name":"gitnexus","language":"rust","context":"actual-formal-overflow:crates/higgs-bench/src/lib.rs:149:15","candidateCount":33,"cap":32,"msg":"callable-value-flow: candidate set exceeded the cap; no partial CALLS emitted"}
{"level":40,"time":1788775904046,"name":"gitnexus","language":"rust","context":"actual-formal-overflow:crates/higgs-bench/src/lib.rs:149:15","candidateCount":33,"cap":32,"msg":"callable-value-flow: candidate set exceeded the cap; no partial CALLS emitted"}
{"level":40,"time":1788775904046,"name":"gitnexus","language":"rust","context":"actual-formal-overflow:crates/higgs-bench/src/lib.rs:149:15","candidateCount":33,"cap":32,"msg":"callable-value-flow: candidate set exceeded the cap; no partial CALLS emitted"}
{"level":40,"time":1788775904046,"name":"gitnexus","language":"rust","context":"actual-formal-overflow:crates/higgs-bench/src/lib.rs:149:15","candidateCount":33,"cap":32,"msg":"callable-value-flow: candidate set exceeded the cap; no partial CALLS emitted"}
{"level":40,"time":1788775904046,"name":"gitnexus","language":"rust","context":"actual-formal-overflow:crates/higgs-bench/src/lib.rs:149:15","candidateCount":33,"cap":32,"msg":"callable-value-flow: candidate set exceeded the cap; no partial CALLS emitted"}
{"level":40,"time":1788775904046,"name":"gitnexus","language":"rust","context":"actual-formal-overflow:crates/higgs-bench/src/lib.rs:149:15","candidateCount":33,"cap":32,"msg":"callable-value-flow: candidate set exceeded the cap; no partial CALLS emitted"}
{"level":40,"time":1788775904046,"name":"gitnexus","language":"rust","context":"actual-formal-overflow:crates/higgs-bench/src/lib.rs:149:15","candidateCount":33,"cap":32,"msg":"callable-value-flow: candidate set exceeded the cap; no partial CALLS emitted"}
{"level":40,"time":1788775904046,"name":"gitnexus","language":"rust","context":"actual-formal-overflow:crates/higgs-bench/src/lib.rs:149:15","candidateCount":33,"cap":32,"msg":"callable-value-flow: candidate set exceeded the cap; no partial CALLS emitted"}
{"level":40,"time":1788775904046,"name":"gitnexus","language":"rust","context":"actual-formal-overflow:crates/higgs-bench/src/lib.rs:149:15","candidateCount":33,"cap":32,"msg":"callable-value-flow: candidate set exceeded the cap; no partial CALLS emitted"}
{"level":40,"time":1788775904046,"name":"gitnexus","language":"rust","context":"actual-formal-overflow:crates/higgs-bench/src/lib.rs:149:15","candidateCount":33,"cap":32,"msg":"callable-value-flow: candidate set exceeded the cap; no partial CALLS emitted"}
{"level":40,"time":1788775904046,"name":"gitnexus","language":"rust","context":"actual-formal-overflow:crates/higgs-bench/src/lib.rs:149:15","candidateCount":33,"cap":32,"msg":"callable-value-flow: candidate set exceeded the cap; no partial CALLS emitted"}
{"level":40,"time":1788775904046,"name":"gitnexus","language":"rust","context":"actual-formal-overflow:crates/higgs-bench/src/lib.rs:149:15","candidateCount":33,"cap":32,"msg":"callable-value-flow: candidate set exceeded the cap; no partial CALLS emitted"}
{"level":40,"time":1788775904046,"name":"gitnexus","language":"rust","context":"actual-formal-overflow:crates/higgs-bench/src/lib.rs:149:15","candidateCount":33,"cap":32,"msg":"callable-value-flow: candidate set exceeded the cap; no partial CALLS emitted"}
{"level":40,"time":1788775904046,"name":"gitnexus","language":"rust","context":"actual-formal-overflow:crates/higgs-bench/src/lib.rs:149:15","candidateCount":33,"cap":32,"msg":"callable-value-flow: candidate set exceeded the cap; no partial CALLS emitted"}
{"level":40,"time":1788775904046,"name":"gitnexus","language":"rust","context":"actual-formal-overflow:crates/higgs-bench/src/lib.rs:149:15","candidateCount":33,"cap":32,"msg":"callable-value-flow: candidate set exceeded the cap; no partial CALLS emitted"}
{"level":40,"time":1788775904046,"name":"gitnexus","language":"rust","context":"actual-formal-overflow:crates/higgs-bench/src/lib.rs:149:15","candidateCount":33,"cap":32,"msg":"callable-value-flow: candidate set exceeded the cap; no partial CALLS emitted"}
{"level":40,"time":1788775904046,"name":"gitnexus","language":"rust","context":"actual-formal-overflow:crates/higgs-bench/src/lib.rs:149:15","candidateCount":33,"cap":32,"msg":"callable-value-flow: candidate set exceeded the cap; no partial CALLS emitted"}
{"level":40,"time":1788775904046,"name":"gitnexus","language":"rust","context":"actual-formal-overflow:crates/higgs-bench/src/lib.rs:149:15","candidateCount":33,"cap":32,"msg":"callable-value-flow: candidate set exceeded the cap; no partial CALLS emitted"}
{"level":40,"time":1788775904046,"name":"gitnexus","language":"rust","context":"actual-formal-overflow:crates/higgs-bench/src/lib.rs:149:15","candidateCount":33,"cap":32,"msg":"callable-value-flow: candidate set exceeded the cap; no partial CALLS emitted"}
{"level":40,"time":1788775904046,"name":"gitnexus","language":"rust","context":"actual-formal-overflow:crates/higgs-bench/src/lib.rs:149:15","candidateCount":33,"cap":32,"msg":"callable-value-flow: candidate set exceeded the cap; no partial CALLS emitted"}
{"level":40,"time":1788775904046,"name":"gitnexus","language":"rust","context":"actual-formal-overflow:crates/higgs-bench/src/lib.rs:149:15","candidateCount":33,"cap":32,"msg":"callable-value-flow: candidate set exceeded the cap; no partial CALLS emitted"}
{"level":40,"time":1788775904046,"name":"gitnexus","language":"rust","context":"actual-formal-overflow:crates/higgs-bench/src/lib.rs:149:15","candidateCount":33,"cap":32,"msg":"callable-value-flow: candidate set exceeded the cap; no partial CALLS emitted"}
{"level":40,"time":1788775904046,"name":"gitnexus","language":"rust","context":"actual-formal-overflow:crates/higgs-bench/src/lib.rs:149:15","candidateCount":33,"cap":32,"msg":"callable-value-flow: candidate set exceeded the cap; no partial CALLS emitted"}
{"level":40,"time":1788775904046,"name":"gitnexus","language":"rust","context":"actual-formal-overflow:crates/higgs-bench/src/lib.rs:149:15","candidateCount":33,"cap":32,"msg":"callable-value-flow: candidate set exceeded the cap; no partial CALLS emitted"}
{"level":40,"time":1788775904046,"name":"gitnexus","language":"rust","context":"actual-formal-overflow:crates/higgs-bench/src/lib.rs:149:15","candidateCount":33,"cap":32,"msg":"callable-value-flow: candidate set exceeded the cap; no partial CALLS emitted"}
{"level":40,"time":1788775904046,"name":"gitnexus","language":"rust","context":"actual-formal-overflow:crates/higgs-bench/src/lib.rs:149:15","candidateCount":33,"cap":32,"msg":"callable-value-flow: candidate set exceeded the cap; no partial CALLS emitted"}
{"level":40,"time":1788775904046,"name":"gitnexus","language":"rust","context":"actual-formal-overflow:crates/higgs-bench/src/lib.rs:149:15","candidateCount":33,"cap":32,"msg":"callable-value-flow: candidate set exceeded the cap; no partial CALLS emitted"}
{"level":40,"time":1788775904046,"name":"gitnexus","language":"rust","context":"actual-formal-overflow:crates/higgs-bench/src/lib.rs:149:15","candidateCount":33,"cap":32,"msg":"callable-value-flow: candidate set exceeded the cap; no partial CALLS emitted"}
{"level":40,"time":1788775904046,"name":"gitnexus","language":"rust","context":"actual-formal-overflow:crates/higgs-bench/src/lib.rs:149:15","candidateCount":33,"cap":32,"msg":"callable-value-flow: candidate set exceeded the cap; no partial CALLS emitted"}
{"level":40,"time":1788775904046,"name":"gitnexus","language":"rust","context":"actual-formal-overflow:crates/higgs-bench/src/lib.rs:149:15","candidateCount":33,"cap":32,"msg":"callable-value-flow: candidate set exceeded the cap; no partial CALLS emitted"}
{"level":40,"time":1788775904046,"name":"gitnexus","language":"rust","context":"actual-formal-overflow:crates/higgs-bench/src/lib.rs:149:15","candidateCount":33,"cap":32,"msg":"callable-value-flow: candidate set exceeded the cap; no partial CALLS emitted"}
{"level":40,"time":1788775904046,"name":"gitnexus","language":"rust","context":"actual-formal-overflow:crates/higgs-bench/src/lib.rs:149:15","candidateCount":33,"cap":32,"msg":"callable-value-flow: candidate set exceeded the cap; no partial CALLS emitted"}
{"level":40,"time":1788775904046,"name":"gitnexus","language":"rust","context":"actual-formal-overflow:crates/higgs-bench/src/lib.rs:149:15","candidateCount":33,"cap":32,"msg":"callable-value-flow: candidate set exceeded the cap; no partial CALLS emitted"}
{"level":40,"time":1788775904046,"name":"gitnexus","language":"rust","context":"actual-formal-overflow:crates/higgs-bench/src/lib.rs:149:15","candidateCount":33,"cap":32,"msg":"callable-value-flow: candidate set exceeded the cap; no partial CALLS emitted"}
{"level":40,"time":1788775904046,"name":"gitnexus","language":"rust","context":"actual-formal-overflow:crates/higgs-bench/src/lib.rs:149:15","candidateCount":33,"cap":32,"msg":"callable-value-flow: candidate set exceeded the cap; no partial CALLS emitted"}
{"level":40,"time":1788775904047,"name":"gitnexus","language":"rust","context":"actual-formal-overflow:crates/higgs-bench/src/lib.rs:149:15","candidateCount":33,"cap":32,"msg":"callable-value-flow: candidate set exceeded the cap; no partial CALLS emitted"}
{"level":40,"time":1788775904047,"name":"gitnexus","language":"rust","context":"actual-formal-overflow:crates/higgs-bench/src/lib.rs:149:15","candidateCount":33,"cap":32,"msg":"callable-value-flow: candidate set exceeded the cap; no partial CALLS emitted"}
{"level":40,"time":1788775904047,"name":"gitnexus","language":"rust","context":"actual-formal-overflow:crates/higgs-bench/src/lib.rs:149:15","candidateCount":33,"cap":32,"msg":"callable-value-flow: candidate set exceeded the cap; no partial CALLS emitted"}
{"level":40,"time":1788775904047,"name":"gitnexus","language":"rust","context":"actual-formal-overflow:crates/higgs-bench/src/lib.rs:149:15","candidateCount":33,"cap":32,"msg":"callable-value-flow: candidate set exceeded the cap; no partial CALLS emitted"}
{"level":40,"time":1788775904047,"name":"gitnexus","language":"rust","context":"actual-formal-overflow:crates/higgs-bench/src/lib.rs:149:15","candidateCount":33,"cap":32,"msg":"callable-value-flow: candidate set exceeded the cap; no partial CALLS emitted"}
{"level":40,"time":1788775904047,"name":"gitnexus","language":"rust","context":"actual-formal-overflow:crates/higgs-bench/src/lib.rs:149:15","candidateCount":33,"cap":32,"msg":"callable-value-flow: candidate set exceeded the cap; no partial CALLS emitted"}
{"level":40,"time":1788775904047,"name":"gitnexus","language":"rust","context":"actual-formal-overflow:crates/higgs-bench/src/lib.rs:149:15","candidateCount":33,"cap":32,"msg":"callable-value-flow: candidate set exceeded the cap; no partial CALLS emitted"}
{"level":40,"time":1788775904047,"name":"gitnexus","language":"rust","context":"actual-formal-overflow:crates/higgs-bench/src/lib.rs:149:15","candidateCount":33,"cap":32,"msg":"callable-value-flow: candidate set exceeded the cap; no partial CALLS emitted"}
{"level":40,"time":1788775904047,"name":"gitnexus","language":"rust","context":"actual-formal-overflow:crates/higgs-bench/src/lib.rs:149:15","candidateCount":33,"cap":32,"msg":"callable-value-flow: candidate set exceeded the cap; no partial CALLS emitted"}
{"level":40,"time":1788775904047,"name":"gitnexus","language":"rust","context":"actual-formal-overflow:crates/higgs-bench/src/lib.rs:149:15","candidateCount":33,"cap":32,"msg":"callable-value-flow: candidate set exceeded the cap; no partial CALLS emitted"}
{"level":40,"time":1788775904047,"name":"gitnexus","language":"rust","context":"actual-formal-overflow:crates/higgs-bench/src/lib.rs:149:15","candidateCount":33,"cap":32,"msg":"callable-value-flow: candidate set exceeded the cap; no partial CALLS emitted"}
{"level":40,"time":1788775904047,"name":"gitnexus","language":"rust","context":"actual-formal-overflow:crates/higgs-bench/src/lib.rs:149:15","candidateCount":33,"cap":32,"msg":"callable-value-flow: candidate set exceeded the cap; no partial CALLS emitted"}
{"level":40,"time":1788775904047,"name":"gitnexus","language":"rust","context":"actual-formal-overflow:crates/higgs-bench/src/lib.rs:149:15","candidateCount":33,"cap":32,"msg":"callable-value-flow: candidate set exceeded the cap; no partial CALLS emitted"}
{"level":40,"time":1788775904047,"name":"gitnexus","language":"rust","context":"actual-formal-overflow:crates/higgs-bench/src/lib.rs:149:15","candidateCount":33,"cap":32,"msg":"callable-value-flow: candidate set exceeded the cap; no partial CALLS emitted"}
{"level":40,"time":1788775904047,"name":"gitnexus","language":"rust","context":"actual-formal-overflow:crates/higgs-bench/src/lib.rs:149:15","candidateCount":33,"cap":32,"msg":"callable-value-flow: candidate set exceeded the cap; no partial CALLS emitted"}
{"level":40,"time":1788775904047,"name":"gitnexus","language":"rust","context":"actual-formal-overflow:crates/higgs-bench/src/lib.rs:149:15","candidateCount":33,"cap":32,"msg":"callable-value-flow: candidate set exceeded the cap; no partial CALLS emitted"}
{"level":40,"time":1788775904047,"name":"gitnexus","language":"rust","context":"actual-formal-overflow:crates/higgs-bench/src/lib.rs:149:15","candidateCount":33,"cap":32,"msg":"callable-value-flow: candidate set exceeded the cap; no partial CALLS emitted"}
{"level":40,"time":1788775904047,"name":"gitnexus","language":"rust","context":"actual-formal-overflow:crates/higgs-bench/src/lib.rs:149:15","candidateCount":33,"cap":32,"msg":"callable-value-flow: candidate set exceeded the cap; no partial CALLS emitted"}
{"level":40,"time":1788775904047,"name":"gitnexus","language":"rust","context":"actual-formal-overflow:crates/higgs-bench/src/lib.rs:149:15","candidateCount":33,"cap":32,"msg":"callable-value-flow: candidate set exceeded the cap; no partial CALLS emitted"}
{"level":40,"time":1788775904047,"name":"gitnexus","language":"rust","context":"actual-formal-overflow:crates/higgs-bench/src/lib.rs:149:15","candidateCount":33,"cap":32,"msg":"callable-value-flow: candidate set exceeded the cap; no partial CALLS emitted"}
{"level":40,"time":1788775904047,"name":"gitnexus","language":"rust","context":"actual-formal-overflow:crates/higgs-bench/src/lib.rs:149:15","candidateCount":33,"cap":32,"msg":"callable-value-flow: candidate set exceeded the cap; no partial CALLS emitted"}
{"level":40,"time":1788775904047,"name":"gitnexus","language":"rust","context":"actual-formal-overflow:crates/higgs-bench/src/lib.rs:149:15","candidateCount":33,"cap":32,"msg":"callable-value-flow: candidate set exceeded the cap; no partial CALLS emitted"}
{"level":40,"time":1788775904047,"name":"gitnexus","language":"rust","context":"actual-formal-overflow:crates/higgs-bench/src/lib.rs:149:15","candidateCount":33,"cap":32,"msg":"callable-value-flow: candidate set exceeded the cap; no partial CALLS emitted"}
{"level":40,"time":1788775904047,"name":"gitnexus","language":"rust","context":"actual-formal-overflow:crates/higgs-bench/src/lib.rs:149:15","candidateCount":33,"cap":32,"msg":"callable-value-flow: candidate set exceeded the cap; no partial CALLS emitted"}
{"level":40,"time":1788775904047,"name":"gitnexus","language":"rust","context":"actual-formal:crates/higgs-engine/src/paged_prefix_cache.rs:4966:23:1","candidateCount":33,"cap":32,"msg":"callable-value-flow: candidate set exceeded the cap; no partial CALLS emitted"}
{"level":40,"time":1788775904047,"name":"gitnexus","language":"rust","context":"actual-formal:crates/higgs-engine/src/paged_prefix_cache.rs:5280:37:0","candidateCount":33,"cap":32,"msg":"callable-value-flow: candidate set exceeded the cap; no partial CALLS emitted"}
{"level":40,"time":1788775904047,"name":"gitnexus","language":"rust","context":"actual-formal:crates/higgs-engine/src/simple.rs:4290:8:0","candidateCount":33,"cap":32,"msg":"callable-value-flow: candidate set exceeded the cap; no partial CALLS emitted"}
{"level":40,"time":1788775904047,"name":"gitnexus","language":"rust","context":"actual-formal:crates/higgs-engine/src/simple.rs:4290:8:0","candidateCount":33,"cap":32,"msg":"callable-value-flow: candidate set exceeded the cap; no partial CALLS emitted"}
{"level":40,"time":1788775904047,"name":"gitnexus","language":"rust","context":"actual-formal:crates/higgs-engine/src/simple.rs:10748:33:0","candidateCount":33,"cap":32,"msg":"callable-value-flow: candidate set exceeded the cap; no partial CALLS emitted"}
{"level":40,"time":1788775904047,"name":"gitnexus","language":"rust","context":"actual-formal:crates/higgs-engine/src/simple.rs:10748:33:0","candidateCount":33,"cap":32,"msg":"callable-value-flow: candidate set exceeded the cap; no partial CALLS emitted"}
{"level":40,"time":1788775904047,"name":"gitnexus","language":"rust","context":"actual-formal:crates/higgs-engine/src/simple.rs:18489:49:0","candidateCount":33,"cap":32,"msg":"callable-value-flow: candidate set exceeded the cap; no partial CALLS emitted"}
{"level":40,"time":1788775904047,"name":"gitnexus","language":"rust","context":"actual-formal:crates/higgs-engine/src/simple.rs:18489:49:0","candidateCount":33,"cap":32,"msg":"callable-value-flow: candidate set exceeded the cap; no partial CALLS emitted"}
{"level":40,"time":1788775904047,"name":"gitnexus","language":"rust","context":"actual-formal:crates/higgs-engine/src/simple.rs:18489:49:1","candidateCount":33,"cap":32,"msg":"callable-value-flow: candidate set exceeded the cap; no partial CALLS emitted"}
{"level":40,"time":1788775904047,"name":"gitnexus","language":"rust","context":"actual-formal:crates/higgs-engine/src/simple.rs:18489:49:1","candidateCount":33,"cap":32,"msg":"callable-value-flow: candidate set exceeded the cap; no partial CALLS emitted"}
{"level":40,"time":1788775904047,"name":"gitnexus","language":"rust","context":"actual-formal:crates/higgs-models/src/dflash.rs:2950:8:1","candidateCount":33,"cap":32,"msg":"callable-value-flow: candidate set exceeded the cap; no partial CALLS emitted"}
{"level":40,"time":1788775904047,"name":"gitnexus","language":"rust","context":"actual-formal:crates/higgs-models/src/dflash.rs:2993:20:1","candidateCount":33,"cap":32,"msg":"callable-value-flow: candidate set exceeded the cap; no partial CALLS emitted"}
{"level":40,"time":1788775904047,"name":"gitnexus","language":"rust","context":"actual-formal-overflow:crates/higgs-models/src/gemma_vision.rs:488:18","candidateCount":33,"cap":32,"msg":"callable-value-flow: candidate set exceeded the cap; no partial CALLS emitted"}
{"level":40,"time":1788775904047,"name":"gitnexus","language":"rust","context":"actual-formal-overflow:crates/higgs-models/src/gemma_vision.rs:488:18","candidateCount":33,"cap":32,"msg":"callable-value-flow: candidate set exceeded the cap; no partial CALLS emitted"}
{"level":40,"time":1788775904047,"name":"gitnexus","language":"rust","context":"actual-formal:crates/higgs-models/src/qwen3_next.rs:5000:20:1","candidateCount":33,"cap":32,"msg":"callable-value-flow: candidate set exceeded the cap; no partial CALLS emitted"}
{"level":40,"time":1788775904047,"name":"gitnexus","language":"rust","context":"actual-formal:crates/higgs-models/src/qwen3_next.rs:6331:12:0","candidateCount":33,"cap":32,"msg":"callable-value-flow: candidate set exceeded the cap; no partial CALLS emitted"}
{"level":40,"time":1788775904047,"name":"gitnexus","language":"rust","context":"actual-formal:crates/higgs-models/src/qwen3_next.rs:7273:12:0","candidateCount":33,"cap":32,"msg":"callable-value-flow: candidate set exceeded the cap; no partial CALLS emitted"}
{"level":40,"time":1788775904047,"name":"gitnexus","language":"rust","context":"actual-formal:crates/higgs-models/src/qwen3_next.rs:7348:51:0","candidateCount":33,"cap":32,"msg":"callable-value-flow: candidate set exceeded the cap; no partial CALLS emitted"}
{"level":40,"time":1788775904047,"name":"gitnexus","language":"rust","context":"actual-formal:crates/higgs-models/src/qwen3_next.rs:8054:11:0","candidateCount":33,"cap":32,"msg":"callable-value-flow: candidate set exceeded the cap; no partial CALLS emitted"}
{"level":40,"time":1788775904047,"name":"gitnexus","language":"rust","context":"actual-formal:crates/higgs-models/src/qwen3_next.rs:13014:12:4","candidateCount":33,"cap":32,"msg":"callable-value-flow: candidate set exceeded the cap; no partial CALLS emitted"}
{"level":40,"time":1788775904047,"name":"gitnexus","language":"rust","context":"actual-formal:crates/higgs-models/src/qwen3_next.rs:16426:43:0","candidateCount":33,"cap":32,"msg":"callable-value-flow: candidate set exceeded the cap; no partial CALLS emitted"}
{"level":40,"time":1788775904047,"name":"gitnexus","language":"rust","context":"actual-formal:crates/higgs-models/src/qwen3_next.rs:17108:59:0","candidateCount":33,"cap":32,"msg":"callable-value-flow: candidate set exceeded the cap; no partial CALLS emitted"}
{"level":40,"time":1788775904047,"name":"gitnexus","language":"rust","context":"actual-formal:crates/higgs-models/src/qwen3_next.rs:17818:38:1","candidateCount":33,"cap":32,"msg":"callable-value-flow: candidate set exceeded the cap; no partial CALLS emitted"}
{"level":40,"time":1788775904047,"name":"gitnexus","language":"rust","context":"actual-formal:crates/higgs-models/src/qwen3_next.rs:17845:41:2","candidateCount":33,"cap":32,"msg":"callable-value-flow: candidate set exceeded the cap; no partial CALLS emitted"}
{"level":40,"time":1788775904047,"name":"gitnexus","language":"rust","context":"actual-formal:crates/higgs-models/src/qwen3_next.rs:18241:16:1","candidateCount":33,"cap":32,"msg":"callable-value-flow: candidate set exceeded the cap; no partial CALLS emitted"}
{"level":40,"time":1788775904047,"name":"gitnexus","language":"rust","context":"actual-formal:crates/higgs-models/src/qwen3_next.rs:18241:16:2","candidateCount":33,"cap":32,"msg":"callable-value-flow: candidate set exceeded the cap; no partial CALLS emitted"}
{"level":40,"time":1788775904047,"name":"gitnexus","language":"rust","context":"actual-formal:crates/higgs-models/src/qwen3_next.rs:18792:12:0","candidateCount":33,"cap":32,"msg":"callable-value-flow: candidate set exceeded the cap; no partial CALLS emitted"}
{"level":40,"time":1788775904047,"name":"gitnexus","language":"rust","context":"actual-formal:crates/higgs-models/src/qwen3_next.rs:19194:20:1","candidateCount":33,"cap":32,"msg":"callable-value-flow: candidate set exceeded the cap; no partial CALLS emitted"}
{"level":40,"time":1788775904047,"name":"gitnexus","language":"rust","context":"actual-formal:crates/higgs-models/src/qwen3_next.rs:19435:24:3","candidateCount":33,"cap":32,"msg":"callable-value-flow: candidate set exceeded the cap; no partial CALLS emitted"}
{"level":40,"time":1788775904047,"name":"gitnexus","language":"rust","context":"actual-formal:crates/higgs-models/src/qwen3_next.rs:19450:31:2","candidateCount":33,"cap":32,"msg":"callable-value-flow: candidate set exceeded the cap; no partial CALLS emitted"}
{"level":40,"time":1788775904047,"name":"gitnexus","language":"rust","context":"actual-formal:crates/higgs-models/src/qwen3_next.rs:20308:32:0","candidateCount":33,"cap":32,"msg":"callable-value-flow: candidate set exceeded the cap; no partial CALLS emitted"}
{"level":40,"time":1788775904047,"name":"gitnexus","language":"rust","context":"actual-formal:crates/higgs-models/src/qwen3_next.rs:24540:20:1","candidateCount":33,"cap":32,"msg":"callable-value-flow: candidate set exceeded the cap; no partial CALLS emitted"}
{"level":40,"time":1788775904047,"name":"gitnexus","language":"rust","context":"actual-formal:crates/higgs-models/src/qwen3_next.rs:25785:28:4","candidateCount":33,"cap":32,"msg":"callable-value-flow: candidate set exceeded the cap; no partial CALLS emitted"}
{"level":40,"time":1788775904047,"name":"gitnexus","language":"rust","context":"actual-formal:crates/higgs-models/src/qwen3_next.rs:27195:49:0","candidateCount":33,"cap":32,"msg":"callable-value-flow: candidate set exceeded the cap; no partial CALLS emitted"}
{"level":40,"time":1788775904047,"name":"gitnexus","language":"rust","context":"actual-formal:crates/higgs/src/attach.rs:271:8:0","candidateCount":33,"cap":32,"msg":"callable-value-flow: candidate set exceeded the cap; no partial CALLS emitted"}
{"level":40,"time":1788775904047,"name":"gitnexus","language":"rust","context":"actual-formal:crates/higgs/src/capacity.rs:244:37:0","candidateCount":33,"cap":32,"msg":"callable-value-flow: candidate set exceeded the cap; no partial CALLS emitted"}
{"level":40,"time":1788775904047,"name":"gitnexus","language":"rust","context":"actual-formal:crates/higgs/src/capacity.rs:244:37:0","candidateCount":33,"cap":32,"msg":"callable-value-flow: candidate set exceeded the cap; no partial CALLS emitted"}
{"level":40,"time":1788775904047,"name":"gitnexus","language":"rust","context":"actual-formal:crates/higgs/src/capacity/registry.rs:431:8:0","candidateCount":33,"cap":32,"msg":"callable-value-flow: candidate set exceeded the cap; no partial CALLS emitted"}
{"level":40,"time":1788775904047,"name":"gitnexus","language":"rust","context":"actual-formal:crates/higgs/src/capacity/registry.rs:431:8:0","candidateCount":33,"cap":32,"msg":"callable-value-flow: candidate set exceeded the cap; no partial CALLS emitted"}
{"level":40,"time":1788775904047,"name":"gitnexus","language":"rust","context":"actual-formal:crates/higgs/src/capacity/registry.rs:1234:11:0","candidateCount":33,"cap":32,"msg":"callable-value-flow: candidate set exceeded the cap; no partial CALLS emitted"}
{"level":40,"time":1788775904047,"name":"gitnexus","language":"rust","context":"actual-formal:crates/higgs/src/capacity/registry.rs:4089:8:0","candidateCount":33,"cap":32,"msg":"callable-value-flow: candidate set exceeded the cap; no partial CALLS emitted"}
{"level":40,"time":1788775904047,"name":"gitnexus","language":"rust","context":"actual-formal:crates/higgs/src/daemon.rs:580:20:0","candidateCount":33,"cap":32,"msg":"callable-value-flow: candidate set exceeded the cap; no partial CALLS emitted"}
{"level":40,"time":1788775904047,"name":"gitnexus","language":"rust","context":"actual-formal:crates/higgs/src/doctor.rs:1745:8:1","candidateCount":33,"cap":32,"msg":"callable-value-flow: candidate set exceeded the cap; no partial CALLS emitted"}
{"level":40,"time":1788775904047,"name":"gitnexus","language":"rust","context":"actual-formal:crates/higgs/src/doctor.rs:1812:8:0","candidateCount":33,"cap":32,"msg":"callable-value-flow: candidate set exceeded the cap; no partial CALLS emitted"}
{"level":40,"time":1788775904047,"name":"gitnexus","language":"rust","context":"actual-formal:crates/higgs/tests/integration/proxy_e2e.rs:240:17:0","candidateCount":33,"cap":32,"msg":"callable-value-flow: candidate set exceeded the cap; no partial CALLS emitted"}
{"level":40,"time":1788775904047,"name":"gitnexus","language":"rust","context":"copy:crates/higgs-engine/src/simple.rs","candidateCount":33,"cap":32,"msg":"callable-value-flow: candidate set exceeded the cap; no partial CALLS emitted"}
{"level":40,"time":1788775904047,"name":"gitnexus","language":"rust","context":"copy:crates/higgs-engine/src/simple.rs","candidateCount":33,"cap":32,"msg":"callable-value-flow: candidate set exceeded the cap; no partial CALLS emitted"}
{"level":40,"time":1788775904047,"name":"gitnexus","language":"rust","context":"copy:crates/higgs-engine/src/paged_prefix_cache.rs","candidateCount":33,"cap":32,"msg":"callable-value-flow: candidate set exceeded the cap; no partial CALLS emitted"}
{"level":40,"time":1788775904047,"name":"gitnexus","language":"rust","context":"actual-formal:crates/higgs-engine/src/simple.rs:605:4:0","candidateCount":33,"cap":32,"msg":"callable-value-flow: candidate set exceeded the cap; no partial CALLS emitted"}
{"level":40,"time":1788775904047,"name":"gitnexus","language":"rust","context":"actual-formal:crates/higgs-engine/src/simple.rs:605:4:0","candidateCount":33,"cap":32,"msg":"callable-value-flow: candidate set exceeded the cap; no partial CALLS emitted"}
{"level":40,"time":1788775904047,"name":"gitnexus","language":"rust","context":"actual-formal:crates/higgs-engine/src/simple.rs:1067:17:0","candidateCount":33,"cap":32,"msg":"callable-value-flow: candidate set exceeded the cap; no partial CALLS emitted"}
{"level":40,"time":1788775904047,"name":"gitnexus","language":"rust","context":"actual-formal:crates/higgs-engine/src/simple.rs:1067:17:0","candidateCount":33,"cap":32,"msg":"callable-value-flow: candidate set exceeded the cap; no partial CALLS emitted"}
{"level":40,"time":1788775904047,"name":"gitnexus","language":"rust","context":"actual-formal:crates/higgs-engine/src/simple.rs:1314:27:0","candidateCount":33,"cap":32,"msg":"callable-value-flow: candidate set exceeded the cap; no partial CALLS emitted"}
{"level":40,"time":1788775904047,"name":"gitnexus","language":"rust","context":"actual-formal:crates/higgs-engine/src/simple.rs:1314:27:0","candidateCount":33,"cap":32,"msg":"callable-value-flow: candidate set exceeded the cap; no partial CALLS emitted"}
{"level":40,"time":1788775904047,"name":"gitnexus","language":"rust","context":"actual-formal:crates/higgs-engine/src/simple.rs:1314:27:0","candidateCount":33,"cap":32,"msg":"callable-value-flow: candidate set exceeded the cap; no partial CALLS emitted"}
{"level":40,"time":1788775904047,"name":"gitnexus","language":"rust","context":"actual-formal:crates/higgs-engine/src/simple.rs:1314:27:0","candidateCount":33,"cap":32,"msg":"callable-value-flow: candidate set exceeded the cap; no partial CALLS emitted"}
{"level":40,"time":1788775904047,"name":"gitnexus","language":"rust","context":"actual-formal:crates/higgs-engine/src/simple.rs:1314:27:0","candidateCount":33,"cap":32,"msg":"callable-value-flow: candidate set exceeded the cap; no partial CALLS emitted"}
{"level":40,"time":1788775904047,"name":"gitnexus","language":"rust","context":"actual-formal:crates/higgs-engine/src/simple.rs:1314:27:0","candidateCount":33,"cap":32,"msg":"callable-value-flow: candidate set exceeded the cap; no partial CALLS emitted"}
{"level":40,"time":1788775904047,"name":"gitnexus","language":"rust","context":"actual-formal:crates/higgs-engine/src/simple.rs:1314:27:0","candidateCount":33,"cap":32,"msg":"callable-value-flow: candidate set exceeded the cap; no partial CALLS emitted"}
{"level":40,"time":1788775904047,"name":"gitnexus","language":"rust","context":"actual-formal:crates/higgs-engine/src/simple.rs:5632:25:0","candidateCount":33,"cap":32,"msg":"callable-value-flow: candidate set exceeded the cap; no partial CALLS emitted"}
{"level":40,"time":1788775904047,"name":"gitnexus","language":"rust","context":"actual-formal:crates/higgs-engine/src/simple.rs:5632:25:0","candidateCount":33,"cap":32,"msg":"callable-value-flow: candidate set exceeded the cap; no partial CALLS emitted"}
{"level":40,"time":1788775904047,"name":"gitnexus","language":"rust","context":"actual-formal:crates/higgs-engine/src/simple.rs:6339:8:1","candidateCount":33,"cap":32,"msg":"callable-value-flow: candidate set exceeded the cap; no partial CALLS emitted"}
{"level":40,"time":1788775904047,"name":"gitnexus","language":"rust","context":"actual-formal:crates/higgs-engine/src/simple.rs:7717:24:2","candidateCount":33,"cap":32,"msg":"callable-value-flow: candidate set exceeded the cap; no partial CALLS emitted"}
{"level":40,"time":1788775904047,"name":"gitnexus","language":"rust","context":"actual-formal:crates/higgs-engine/src/simple.rs:6339:8:3","candidateCount":33,"cap":32,"msg":"callable-value-flow: candidate set exceeded the cap; no partial CALLS emitted"}
{"level":40,"time":1788775904047,"name":"gitnexus","language":"rust","context":"copy:crates/higgs-engine/src/simple.rs","candidateCount":33,"cap":32,"msg":"callable-value-flow: candidate set exceeded the cap; no partial CALLS emitted"}
{"level":40,"time":1788775904047,"name":"gitnexus","language":"rust","context":"copy:crates/higgs-engine/src/simple.rs","candidateCount":33,"cap":32,"msg":"callable-value-flow: candidate set exceeded the cap; no partial CALLS emitted"}
{"level":40,"time":1788775904047,"name":"gitnexus","language":"rust","context":"copy:crates/higgs-engine/src/simple.rs","candidateCount":33,"cap":32,"msg":"callable-value-flow: candidate set exceeded the cap; no partial CALLS emitted"}
{"level":40,"time":1788775904047,"name":"gitnexus","language":"rust","context":"copy:crates/higgs-engine/src/simple.rs","candidateCount":33,"cap":32,"msg":"callable-value-flow: candidate set exceeded the cap; no partial CALLS emitted"}
{"level":40,"time":1788775904047,"name":"gitnexus","language":"rust","context":"copy:crates/higgs-engine/src/simple.rs","candidateCount":33,"cap":32,"msg":"callable-value-flow: candidate set exceeded the cap; no partial CALLS emitted"}
{"level":40,"time":1788775904047,"name":"gitnexus","language":"rust","context":"copy:crates/higgs-engine/src/simple.rs","candidateCount":33,"cap":32,"msg":"callable-value-flow: candidate set exceeded the cap; no partial CALLS emitted"}
{"level":40,"time":1788775904047,"name":"gitnexus","language":"rust","context":"actual-formal:crates/higgs-engine/src/simple.rs:6339:8:2","candidateCount":33,"cap":32,"msg":"callable-value-flow: candidate set exceeded the cap; no partial CALLS emitted"}
{"level":40,"time":1788775904047,"name":"gitnexus","language":"rust","context":"actual-formal:crates/higgs-engine/src/simple.rs:9250:12:0","candidateCount":33,"cap":32,"msg":"callable-value-flow: candidate set exceeded the cap; no partial CALLS emitted"}
{"level":40,"time":1788775904047,"name":"gitnexus","language":"rust","context":"actual-formal:crates/higgs-engine/src/simple.rs:10109:29:4","candidateCount":33,"cap":32,"msg":"callable-value-flow: candidate set exceeded the cap; no partial CALLS emitted"}
{"level":40,"time":1788775904047,"name":"gitnexus","language":"rust","context":"actual-formal:crates/higgs-engine/src/simple.rs:10164:19:2","candidateCount":33,"cap":32,"msg":"callable-value-flow: candidate set exceeded the cap; no partial CALLS emitted"}
{"level":40,"time":1788775904047,"name":"gitnexus","language":"rust","context":"actual-formal:crates/higgs-engine/src/simple.rs:10305:19:1","candidateCount":33,"cap":32,"msg":"callable-value-flow: candidate set exceeded the cap; no partial CALLS emitted"}
{"level":40,"time":1788775904047,"name":"gitnexus","language":"rust","context":"actual-formal:crates/higgs-engine/src/simple.rs:10367:36:2","candidateCount":33,"cap":32,"msg":"callable-value-flow: candidate set exceeded the cap; no partial CALLS emitted"}
{"level":40,"time":1788775904047,"name":"gitnexus","language":"rust","context":"actual-formal:crates/higgs-engine/src/simple.rs:11109:47:1","candidateCount":33,"cap":32,"msg":"callable-value-flow: candidate set exceeded the cap; no partial CALLS emitted"}
{"level":40,"time":1788775904047,"name":"gitnexus","language":"rust","context":"actual-formal:crates/higgs-engine/src/simple.rs:11179:52:2","candidateCount":33,"cap":32,"msg":"callable-value-flow: candidate set exceeded the cap; no partial CALLS emitted"}
{"level":40,"time":1788775904047,"name":"gitnexus","language":"rust","context":"actual-formal:crates/higgs-engine/src/simple.rs:11225:62:2","candidateCount":33,"cap":32,"msg":"callable-value-flow: candidate set exceeded the cap; no partial CALLS emitted"}
{"level":40,"time":1788775904047,"name":"gitnexus","language":"rust","context":"actual-formal:crates/higgs-engine/src/simple.rs:11599:68:2","candidateCount":33,"cap":32,"msg":"callable-value-flow: candidate set exceeded the cap; no partial CALLS emitted"}
{"level":40,"time":1788775904047,"name":"gitnexus","language":"rust","context":"actual-formal:crates/higgs-engine/src/simple.rs:11599:68:2","candidateCount":33,"cap":32,"msg":"callable-value-flow: candidate set exceeded the cap; no partial CALLS emitted"}
{"level":40,"time":1788775904047,"name":"gitnexus","language":"rust","context":"actual-formal:crates/higgs-engine/src/simple.rs:12086:21:2","candidateCount":33,"cap":32,"msg":"callable-value-flow: candidate set exceeded the cap; no partial CALLS emitted"}
{"level":40,"time":1788775904047,"name":"gitnexus","language":"rust","context":"actual-formal:crates/higgs-engine/src/simple.rs:12300:31:2","candidateCount":33,"cap":32,"msg":"callable-value-flow: candidate set exceeded the cap; no partial CALLS emitted"}
{"level":40,"time":1788775904047,"name":"gitnexus","language":"rust","context":"actual-formal:crates/higgs-engine/src/simple.rs:9663:19:3","candidateCount":33,"cap":32,"msg":"callable-value-flow: candidate set exceeded the cap; no partial CALLS emitted"}
{"level":40,"time":1788775904047,"name":"gitnexus","language":"rust","context":"actual-formal:crates/higgs-engine/src/simple.rs:10762:22:3","candidateCount":33,"cap":32,"msg":"callable-value-flow: candidate set exceeded the cap; no partial CALLS emitted"}
{"level":40,"time":1788775904047,"name":"gitnexus","language":"rust","context":"actual-formal:crates/higgs-engine/src/simple.rs:16420:12:2","candidateCount":33,"cap":32,"msg":"callable-value-flow: candidate set exceeded the cap; no partial CALLS emitted"}
{"level":40,"time":1788775904047,"name":"gitnexus","language":"rust","context":"actual-formal:crates/higgs-models/src/eschamoe.rs:3274:19:1","candidateCount":33,"cap":32,"msg":"callable-value-flow: candidate set exceeded the cap; no partial CALLS emitted"}
{"level":40,"time":1788775904047,"name":"gitnexus","language":"rust","context":"actual-formal:crates/higgs-models/src/eschamoe.rs:3275:19:1","candidateCount":33,"cap":32,"msg":"callable-value-flow: candidate set exceeded the cap; no partial CALLS emitted"}
{"level":40,"time":1788775904047,"name":"gitnexus","language":"rust","context":"actual-formal:crates/higgs-models/src/eschamoe.rs:3276:18:1","candidateCount":33,"cap":32,"msg":"callable-value-flow: candidate set exceeded the cap; no partial CALLS emitted"}
{"level":40,"time":1788775904047,"name":"gitnexus","language":"rust","context":"actual-formal:crates/higgs-models/src/eschamoe.rs:2151:25:0","candidateCount":33,"cap":32,"msg":"callable-value-flow: candidate set exceeded the cap; no partial CALLS emitted"}
{"level":40,"time":1788775904047,"name":"gitnexus","language":"rust","context":"actual-formal:crates/higgs-models/src/eschamoe.rs:2151:25:0","candidateCount":33,"cap":32,"msg":"callable-value-flow: candidate set exceeded the cap; no partial CALLS emitted"}
{"level":40,"time":1788775904047,"name":"gitnexus","language":"rust","context":"actual-formal:crates/higgs-models/src/qwen3_next.rs:688:8:2","candidateCount":33,"cap":32,"msg":"callable-value-flow: candidate set exceeded the cap; no partial CALLS emitted"}
{"level":40,"time":1788775904047,"name":"gitnexus","language":"rust","context":"actual-formal:crates/higgs-models/src/qwen3_next.rs:1235:42:0","candidateCount":33,"cap":32,"msg":"callable-value-flow: candidate set exceeded the cap; no partial CALLS emitted"}
{"level":40,"time":1788775904047,"name":"gitnexus","language":"rust","context":"copy:crates/higgs-models/src/qwen3_next.rs","candidateCount":33,"cap":32,"msg":"callable-value-flow: candidate set exceeded the cap; no partial CALLS emitted"}
{"level":40,"time":1788775904047,"name":"gitnexus","language":"rust","context":"copy:crates/higgs-models/src/qwen3_next.rs","candidateCount":33,"cap":32,"msg":"callable-value-flow: candidate set exceeded the cap; no partial CALLS emitted"}
{"level":40,"time":1788775904047,"name":"gitnexus","language":"rust","context":"copy:crates/higgs-models/src/qwen3_next.rs","candidateCount":33,"cap":32,"msg":"callable-value-flow: candidate set exceeded the cap; no partial CALLS emitted"}
{"level":40,"time":1788775904047,"name":"gitnexus","language":"rust","context":"actual-formal:crates/higgs-models/src/qwen3_next.rs:6337:12:1","candidateCount":33,"cap":32,"msg":"callable-value-flow: candidate set exceeded the cap; no partial CALLS emitted"}
{"level":40,"time":1788775904047,"name":"gitnexus","language":"rust","context":"actual-formal:crates/higgs-models/src/qwen3_next.rs:9071:8:1","candidateCount":33,"cap":32,"msg":"callable-value-flow: candidate set exceeded the cap; no partial CALLS emitted"}
{"level":40,"time":1788775904047,"name":"gitnexus","language":"rust","context":"actual-formal:crates/higgs-models/src/qwen3_next.rs:17205:25:2","candidateCount":33,"cap":32,"msg":"callable-value-flow: candidate set exceeded the cap; no partial CALLS emitted"}
{"level":40,"time":1788775904047,"name":"gitnexus","language":"rust","context":"actual-formal:crates/higgs-models/src/qwen_vl.rs:111:8:1","candidateCount":33,"cap":32,"msg":"callable-value-flow: candidate set exceeded the cap; no partial CALLS emitted"}
{"level":40,"time":1788775904047,"name":"gitnexus","language":"rust","context":"actual-formal:crates/higgs/src/config.rs:1346:37:0","candidateCount":33,"cap":32,"msg":"callable-value-flow: candidate set exceeded the cap; no partial CALLS emitted"}
{"level":40,"time":1788775904047,"name":"gitnexus","language":"rust","context":"actual-formal:crates/higgs/src/doctor.rs:46:4:0","candidateCount":33,"cap":32,"msg":"callable-value-flow: candidate set exceeded the cap; no partial CALLS emitted"}
{"level":40,"time":1788775904047,"name":"gitnexus","language":"rust","context":"actual-formal:crates/higgs-models/src/lib.rs:805:55:1","candidateCount":33,"cap":32,"msg":"callable-value-flow: candidate set exceeded the cap; no partial CALLS emitted"}
{"level":40,"time":1788775904047,"name":"gitnexus","language":"rust","context":"actual-formal:crates/higgs-models/src/lib.rs:812:54:1","candidateCount":33,"cap":32,"msg":"callable-value-flow: candidate set exceeded the cap; no partial CALLS emitted"}
{"level":40,"time":1788775904047,"name":"gitnexus","language":"rust","context":"actual-formal:crates/higgs-models/src/lib.rs:812:54:1","candidateCount":33,"cap":32,"msg":"callable-value-flow: candidate set exceeded the cap; no partial CALLS emitted"}
{"level":40,"time":1788775904047,"name":"gitnexus","language":"rust","context":"actual-formal:crates/higgs-models/src/lib.rs:816:34:1","candidateCount":33,"cap":32,"msg":"callable-value-flow: candidate set exceeded the cap; no partial CALLS emitted"}
{"level":40,"time":1788775904047,"name":"gitnexus","language":"rust","context":"actual-formal:crates/higgs-models/src/lib.rs:1480:16:1","candidateCount":33,"cap":32,"msg":"callable-value-flow: candidate set exceeded the cap; no partial CALLS emitted"}
{"level":40,"time":1788775904047,"name":"gitnexus","language":"rust","context":"copy:crates/higgs-models/src/eschamoe.rs","candidateCount":33,"cap":32,"msg":"callable-value-flow: candidate set exceeded the cap; no partial CALLS emitted"}
{"level":40,"time":1788775904047,"name":"gitnexus","language":"rust","context":"copy:crates/higgs-models/src/eschamoe.rs","candidateCount":33,"cap":32,"msg":"callable-value-flow: candidate set exceeded the cap; no partial CALLS emitted"}
{"level":40,"time":1788775904047,"name":"gitnexus","language":"rust","context":"copy:crates/higgs-engine/src/tool_parser.rs","candidateCount":33,"cap":32,"msg":"callable-value-flow: candidate set exceeded the cap; no partial CALLS emitted"}
{"level":40,"time":1788775904047,"name":"gitnexus","language":"rust","context":"copy:crates/higgs-engine/src/tool_parser.rs","candidateCount":33,"cap":32,"msg":"callable-value-flow: candidate set exceeded the cap; no partial CALLS emitted"}
{"level":40,"time":1788775904047,"name":"gitnexus","language":"rust","context":"copy:crates/higgs-engine/src/tool_parser.rs","candidateCount":33,"cap":32,"msg":"callable-value-flow: candidate set exceeded the cap; no partial CALLS emitted"}
{"level":40,"time":1788775904047,"name":"gitnexus","language":"rust","context":"copy:crates/higgs-engine/src/tool_parser.rs","candidateCount":33,"cap":32,"msg":"callable-value-flow: candidate set exceeded the cap; no partial CALLS emitted"}
{"level":40,"time":1788775904047,"name":"gitnexus","language":"rust","context":"actual-formal:crates/higgs-engine/src/simple.rs:3985:16:1","candidateCount":33,"cap":32,"msg":"callable-value-flow: candidate set exceeded the cap; no partial CALLS emitted"}
{"level":40,"time":1788775904047,"name":"gitnexus","language":"rust","context":"actual-formal:crates/higgs-engine/src/simple.rs:6447:31:2","candidateCount":33,"cap":32,"msg":"callable-value-flow: candidate set exceeded the cap; no partial CALLS emitted"}
{"level":40,"time":1788775904047,"name":"gitnexus","language":"rust","context":"actual-formal:crates/higgs-engine/src/mtp.rs:440:17:2","candidateCount":33,"cap":32,"msg":"callable-value-flow: candidate set exceeded the cap; no partial CALLS emitted"}
{"level":40,"time":1788775904047,"name":"gitnexus","language":"rust","context":"copy:crates/higgs-engine/src/simple.rs","candidateCount":33,"cap":32,"msg":"callable-value-flow: candidate set exceeded the cap; no partial CALLS emitted"}
{"level":40,"time":1788775904047,"name":"gitnexus","language":"rust","context":"copy:crates/higgs-engine/src/simple.rs","candidateCount":33,"cap":32,"msg":"callable-value-flow: candidate set exceeded the cap; no partial CALLS emitted"}
{"level":40,"time":1788775904047,"name":"gitnexus","language":"rust","context":"copy:crates/higgs-engine/src/simple.rs","candidateCount":33,"cap":32,"msg":"callable-value-flow: candidate set exceeded the cap; no partial CALLS emitted"}
{"level":40,"time":1788775904047,"name":"gitnexus","language":"rust","context":"copy:crates/higgs-engine/src/simple.rs","candidateCount":33,"cap":32,"msg":"callable-value-flow: candidate set exceeded the cap; no partial CALLS emitted"}
{"level":40,"time":1788775904047,"name":"gitnexus","language":"rust","context":"actual-formal:crates/higgs-engine/src/simple.rs:12131:16:0","candidateCount":33,"cap":32,"msg":"callable-value-flow: candidate set exceeded the cap; no partial CALLS emitted"}
{"level":40,"time":1788775904047,"name":"gitnexus","language":"rust","context":"copy:crates/higgs-engine/src/simple.rs","candidateCount":33,"cap":32,"msg":"callable-value-flow: candidate set exceeded the cap; no partial CALLS emitted"}
{"level":40,"time":1788775904047,"name":"gitnexus","language":"rust","context":"copy:crates/higgs-engine/src/simple.rs","candidateCount":33,"cap":32,"msg":"callable-value-flow: candidate set exceeded the cap; no partial CALLS emitted"}
{"level":40,"time":1788775904047,"name":"gitnexus","language":"rust","context":"actual-formal:crates/higgs-engine/src/simple.rs:6726:33:1","candidateCount":33,"cap":32,"msg":"callable-value-flow: candidate set exceeded the cap; no partial CALLS emitted"}
{"level":40,"time":1788775904047,"name":"gitnexus","language":"rust","context":"actual-formal:crates/higgs-engine/src/simple.rs:2735:16:1","candidateCount":33,"cap":32,"msg":"callable-value-flow: candidate set exceeded the cap; no partial CALLS emitted"}
{"level":40,"time":1788775904047,"name":"gitnexus","language":"rust","context":"actual-formal:crates/higgs-engine/src/simple.rs:5273:12:2","candidateCount":33,"cap":32,"msg":"callable-value-flow: candidate set exceeded the cap; no partial CALLS emitted"}
{"level":40,"time":1788775904047,"name":"gitnexus","language":"rust","context":"actual-formal:crates/higgs-engine/src/simple.rs:5273:12:2","candidateCount":33,"cap":32,"msg":"callable-value-flow: candidate set exceeded the cap; no partial CALLS emitted"}
{"level":40,"time":1788775904047,"name":"gitnexus","language":"rust","context":"actual-formal:crates/higgs-engine/src/simple.rs:5273:12:2","candidateCount":33,"cap":32,"msg":"callable-value-flow: candidate set exceeded the cap; no partial CALLS emitted"}
{"level":40,"time":1788775904047,"name":"gitnexus","language":"rust","context":"actual-formal:crates/higgs-engine/src/simple.rs:5273:12:2","candidateCount":33,"cap":32,"msg":"callable-value-flow: candidate set exceeded the cap; no partial CALLS emitted"}
{"level":40,"time":1788775904047,"name":"gitnexus","language":"rust","context":"actual-formal:crates/higgs-engine/src/simple.rs:5273:12:2","candidateCount":33,"cap":32,"msg":"callable-value-flow: candidate set exceeded the cap; no partial CALLS emitted"}
{"level":40,"time":1788775904047,"name":"gitnexus","language":"rust","context":"actual-formal:crates/higgs-engine/src/simple.rs:5273:12:2","candidateCount":33,"cap":32,"msg":"callable-value-flow: candidate set exceeded the cap; no partial CALLS emitted"}
{"level":40,"time":1788775904047,"name":"gitnexus","language":"rust","context":"actual-formal:crates/higgs-engine/src/simple.rs:5321:44:2","candidateCount":33,"cap":32,"msg":"callable-value-flow: candidate set exceeded the cap; no partial CALLS emitted"}
{"level":40,"time":1788775904047,"name":"gitnexus","language":"rust","context":"actual-formal:crates/higgs-engine/src/simple.rs:5331:20:1","candidateCount":33,"cap":32,"msg":"callable-value-flow: candidate set exceeded the cap; no partial CALLS emitted"}
{"level":40,"time":1788775904047,"name":"gitnexus","language":"rust","context":"actual-formal:crates/higgs-engine/src/simple.rs:6265:21:2","candidateCount":33,"cap":32,"msg":"callable-value-flow: candidate set exceeded the cap; no partial CALLS emitted"}
{"level":40,"time":1788775904047,"name":"gitnexus","language":"rust","context":"actual-formal:crates/higgs-engine/src/simple.rs:7717:24:2","candidateCount":33,"cap":32,"msg":"callable-value-flow: candidate set exceeded the cap; no partial CALLS emitted"}
{"level":40,"time":1788775904047,"name":"gitnexus","language":"rust","context":"actual-formal:crates/higgs-engine/src/simple.rs:7717:24:2","candidateCount":33,"cap":32,"msg":"callable-value-flow: candidate set exceeded the cap; no partial CALLS emitted"}
{"level":40,"time":1788775904047,"name":"gitnexus","language":"rust","context":"actual-formal:crates/higgs-engine/src/simple.rs:7717:24:2","candidateCount":33,"cap":32,"msg":"callable-value-flow: candidate set exceeded the cap; no partial CALLS emitted"}
{"level":40,"time":1788775904047,"name":"gitnexus","language":"rust","context":"actual-formal:crates/higgs-engine/src/simple.rs:7717:24:2","candidateCount":33,"cap":32,"msg":"callable-value-flow: candidate set exceeded the cap; no partial CALLS emitted"}
{"level":40,"time":1788775904047,"name":"gitnexus","language":"rust","context":"actual-formal:crates/higgs-engine/src/simple.rs:7717:24:2","candidateCount":33,"cap":32,"msg":"callable-value-flow: candidate set exceeded the cap; no partial CALLS emitted"}
{"level":40,"time":1788775904047,"name":"gitnexus","language":"rust","context":"actual-formal:crates/higgs-engine/src/simple.rs:7717:24:2","candidateCount":33,"cap":32,"msg":"callable-value-flow: candidate set exceeded the cap; no partial CALLS emitted"}
{"level":40,"time":1788775904047,"name":"gitnexus","language":"rust","context":"actual-formal:crates/higgs-engine/src/simple.rs:7717:24:2","candidateCount":33,"cap":32,"msg":"callable-value-flow: candidate set exceeded the cap; no partial CALLS emitted"}
{"level":40,"time":1788775904047,"name":"gitnexus","language":"rust","context":"actual-formal:crates/higgs-engine/src/simple.rs:7717:24:2","candidateCount":33,"cap":32,"msg":"callable-value-flow: candidate set exceeded the cap; no partial CALLS emitted"}
{"level":40,"time":1788775904047,"name":"gitnexus","language":"rust","context":"actual-formal:crates/higgs-engine/src/simple.rs:7717:24:2","candidateCount":33,"cap":32,"msg":"callable-value-flow: candidate set exceeded the cap; no partial CALLS emitted"}
{"level":40,"time":1788775904047,"name":"gitnexus","language":"rust","context":"actual-formal:crates/higgs-engine/src/simple.rs:7717:24:2","candidateCount":33,"cap":32,"msg":"callable-value-flow: candidate set exceeded the cap; no partial CALLS emitted"}
{"level":40,"time":1788775904047,"name":"gitnexus","language":"rust","context":"actual-formal:crates/higgs-engine/src/simple.rs:7717:24:2","candidateCount":33,"cap":32,"msg":"callable-value-flow: candidate set exceeded the cap; no partial CALLS emitted"}
{"level":40,"time":1788775904047,"name":"gitnexus","language":"rust","context":"actual-formal:crates/higgs-engine/src/simple.rs:8439:16:0","candidateCount":33,"cap":32,"msg":"callable-value-flow: candidate set exceeded the cap; no partial CALLS emitted"}
{"level":40,"time":1788775904047,"name":"gitnexus","language":"rust","context":"actual-formal:crates/higgs-engine/src/simple.rs:8447:16:0","candidateCount":33,"cap":32,"msg":"callable-value-flow: candidate set exceeded the cap; no partial CALLS emitted"}
{"level":40,"time":1788775904047,"name":"gitnexus","language":"rust","context":"actual-formal:crates/higgs-engine/src/simple.rs:10052:33:2","candidateCount":33,"cap":32,"msg":"callable-value-flow: candidate set exceeded the cap; no partial CALLS emitted"}
{"level":40,"time":1788775904047,"name":"gitnexus","language":"rust","context":"actual-formal:crates/higgs-models/src/lib.rs:1431:16:1","candidateCount":33,"cap":32,"msg":"callable-value-flow: candidate set exceeded the cap; no partial CALLS emitted"}
{"level":40,"time":1788775904047,"name":"gitnexus","language":"rust","context":"actual-formal:crates/higgs-models/src/lib.rs:1604:57:1","candidateCount":33,"cap":32,"msg":"callable-value-flow: candidate set exceeded the cap; no partial CALLS emitted"}
{"level":40,"time":1788775904047,"name":"gitnexus","language":"rust","context":"actual-formal:crates/higgs-engine/src/simple.rs:12311:12:3","candidateCount":33,"cap":32,"msg":"callable-value-flow: candidate set exceeded the cap; no partial CALLS emitted"}
{"level":40,"time":1788775904047,"name":"gitnexus","language":"rust","context":"actual-formal:crates/higgs-models/src/metal_kernel.rs:5487:12:0","candidateCount":33,"cap":32,"msg":"callable-value-flow: candidate set exceeded the cap; no partial CALLS emitted"}
{"level":40,"time":1788775904047,"name":"gitnexus","language":"rust","context":"actual-formal:crates/higgs-models/src/transformer.rs:654:26:0","candidateCount":33,"cap":32,"msg":"callable-value-flow: candidate set exceeded the cap; no partial CALLS emitted"}
{"level":40,"time":1788775904047,"name":"gitnexus","language":"rust","context":"actual-formal:crates/higgs-models/src/cache.rs:2369:23:0","candidateCount":33,"cap":32,"msg":"callable-value-flow: candidate set exceeded the cap; no partial CALLS emitted"}
{"level":40,"time":1788775904047,"name":"gitnexus","language":"rust","context":"actual-formal:crates/higgs/src/config.rs:1395:10:0","candidateCount":33,"cap":32,"msg":"callable-value-flow: candidate set exceeded the cap; no partial CALLS emitted"}
{"level":40,"time":1788775904047,"name":"gitnexus","language":"rust","context":"actual-formal:crates/higgs/src/config.rs:1397:20:0","candidateCount":33,"cap":32,"msg":"callable-value-flow: candidate set exceeded the cap; no partial CALLS emitted"}
{"level":40,"time":1788775904047,"name":"gitnexus","language":"rust","context":"actual-formal:crates/higgs-models/src/lib.rs:781:57:1","candidateCount":33,"cap":32,"msg":"callable-value-flow: candidate set exceeded the cap; no partial CALLS emitted"}
{"level":40,"time":1788775904047,"name":"gitnexus","language":"rust","context":"actual-formal:crates/higgs-models/src/lib.rs:784:29:1","candidateCount":33,"cap":32,"msg":"callable-value-flow: candidate set exceeded the cap; no partial CALLS emitted"}
{"level":40,"time":1788775904047,"name":"gitnexus","language":"rust","context":"actual-formal:crates/higgs-models/src/gemma3.rs:1091:12:2","candidateCount":33,"cap":32,"msg":"callable-value-flow: candidate set exceeded the cap; no partial CALLS emitted"}
{"level":40,"time":1788775904047,"name":"gitnexus","language":"rust","context":"actual-formal:crates/higgs-models/src/gemma3.rs:1131:21:3","candidateCount":33,"cap":32,"msg":"callable-value-flow: candidate set exceeded the cap; no partial CALLS emitted"}
{"level":40,"time":1788775904047,"name":"gitnexus","language":"rust","context":"actual-formal:crates/higgs-models/src/gemma3.rs:1132:22:1","candidateCount":33,"cap":32,"msg":"callable-value-flow: candidate set exceeded the cap; no partial CALLS emitted"}
{"level":40,"time":1788775904047,"name":"gitnexus","language":"rust","context":"actual-formal:crates/higgs-models/src/gemma4.rs:2015:12:2","candidateCount":33,"cap":32,"msg":"callable-value-flow: candidate set exceeded the cap; no partial CALLS emitted"}
{"level":40,"time":1788775904047,"name":"gitnexus","language":"rust","context":"actual-formal:crates/higgs-models/src/lib.rs:1136:16:1","candidateCount":33,"cap":32,"msg":"callable-value-flow: candidate set exceeded the cap; no partial CALLS emitted"}
{"level":40,"time":1788775904047,"name":"gitnexus","language":"rust","context":"actual-formal:crates/higgs-models/src/lib.rs:726:54:1","candidateCount":33,"cap":32,"msg":"callable-value-flow: candidate set exceeded the cap; no partial CALLS emitted"}
{"level":40,"time":1788775904047,"name":"gitnexus","language":"rust","context":"actual-formal:crates/higgs-models/src/lib.rs:726:54:1","candidateCount":33,"cap":32,"msg":"callable-value-flow: candidate set exceeded the cap; no partial CALLS emitted"}
{"level":40,"time":1788775904047,"name":"gitnexus","language":"rust","context":"actual-formal:crates/higgs-models/src/deepseek_v2.rs:823:23:1","candidateCount":33,"cap":32,"msg":"callable-value-flow: candidate set exceeded the cap; no partial CALLS emitted"}
{"level":40,"time":1788775904047,"name":"gitnexus","language":"rust","context":"actual-formal:crates/higgs-models/src/deepseek_v2.rs:1043:16:1","candidateCount":33,"cap":32,"msg":"callable-value-flow: candidate set exceeded the cap; no partial CALLS emitted"}
{"level":40,"time":1788775904047,"name":"gitnexus","language":"rust","context":"actual-formal:crates/higgs-models/src/gemma2.rs:805:25:1","candidateCount":33,"cap":32,"msg":"callable-value-flow: candidate set exceeded the cap; no partial CALLS emitted"}
{"level":40,"time":1788775904047,"name":"gitnexus","language":"rust","context":"actual-formal:crates/higgs-models/src/gemma4.rs:1005:12:1","candidateCount":33,"cap":32,"msg":"callable-value-flow: candidate set exceeded the cap; no partial CALLS emitted"}
{"level":40,"time":1788775904047,"name":"gitnexus","language":"rust","context":"actual-formal:crates/higgs-models/src/phi3.rs:501:18:1","candidateCount":33,"cap":32,"msg":"callable-value-flow: candidate set exceeded the cap; no partial CALLS emitted"}
{"level":40,"time":1788775904047,"name":"gitnexus","language":"rust","context":"actual-formal:crates/higgs-models/src/qwen3_moe.rs:423:23:1","candidateCount":33,"cap":32,"msg":"callable-value-flow: candidate set exceeded the cap; no partial CALLS emitted"}
{"level":40,"time":1788775904047,"name":"gitnexus","language":"rust","context":"actual-formal:crates/higgs-models/src/qwen3_moe.rs:551:16:1","candidateCount":33,"cap":32,"msg":"callable-value-flow: candidate set exceeded the cap; no partial CALLS emitted"}
{"level":40,"time":1788775904047,"name":"gitnexus","language":"rust","context":"actual-formal:crates/higgs-models/src/starcoder2.rs:568:18:1","candidateCount":33,"cap":32,"msg":"callable-value-flow: candidate set exceeded the cap; no partial CALLS emitted"}
{"level":40,"time":1788775904047,"name":"gitnexus","language":"rust","context":"actual-formal:crates/higgs-models/src/transformer.rs:731:8:1","candidateCount":33,"cap":32,"msg":"callable-value-flow: candidate set exceeded the cap; no partial CALLS emitted"}
{"level":40,"time":1788775904047,"name":"gitnexus","language":"rust","context":"actual-formal:crates/higgs-models/src/transformer.rs:811:21:1","candidateCount":33,"cap":32,"msg":"callable-value-flow: candidate set exceeded the cap; no partial CALLS emitted"}
{"level":40,"time":1788775904047,"name":"gitnexus","language":"rust","context":"actual-formal:crates/higgs-models/src/lib.rs:1450:16:1","candidateCount":33,"cap":32,"msg":"callable-value-flow: candidate set exceeded the cap; no partial CALLS emitted"}
{"level":40,"time":1788775904047,"name":"gitnexus","language":"rust","context":"actual-formal:crates/higgs-engine/src/mtp.rs:538:4:1","candidateCount":33,"cap":32,"msg":"callable-value-flow: candidate set exceeded the cap; no partial CALLS emitted"}
{"level":40,"time":1788775904047,"name":"gitnexus","language":"rust","context":"actual-formal:crates/higgs/src/model_resolver.rs:28:4:0","candidateCount":33,"cap":32,"msg":"callable-value-flow: candidate set exceeded the cap; no partial CALLS emitted"}
{"level":40,"time":1788775904047,"name":"gitnexus","language":"rust","context":"actual-formal:crates/higgs/src/config.rs:1403:4:0","candidateCount":33,"cap":32,"msg":"callable-value-flow: candidate set exceeded the cap; no partial CALLS emitted"}
{"level":40,"time":1788775904047,"name":"gitnexus","language":"rust","context":"copy:crates/higgs-models/src/transformer.rs","candidateCount":33,"cap":32,"msg":"callable-value-flow: candidate set exceeded the cap; no partial CALLS emitted"}
{"level":40,"time":1788775904068,"name":"gitnexus","msg":"[scope-resolution] 2 property read/write site(s) name a field that IS defined in this workspace, but only in another language, so per-language inference declined to link them. Queries for these fields return an empty result that does NOT mean \"unused\" — it means the definition anchor is in a different language. Affected: n_routed_experts (rust), root (rust)"}
{"level":40,"time":1788775904361,"name":"gitnexus","truncation":{"truncated":true,"entryPointCandidatesDropped":3660,"entryPointsUnexplored":0,"walksCutByBudget":107,"tracesDepthCapped":24,"calleesDropped":3274,"processesDropped":46},"msg":"[processes] 1163 flows reported, but whole flows are MISSING: 3660 of 3860 candidate entry point(s) never ranked in, 0 ranked entry point(s) never traced, 46 deduplicated flow(s) dropped at maxProcesses, 24 trace(s) cut at maxTraceDepth, 3274 callee(s) skipped at maxBranching, 107 walk(s) cut by the per-entry trace budget. An absent flow does NOT mean the code path does not exist."}
[2KIncremental: changed=2, added=0, deleted=0 (skipping wipe + 230 unchanged file rows preserved)
[2KIncremental: +7 importer(s) added to writable set (BFS depth ≤ 4)
[2KParse cache: pruned 1 stale chunk entries

  Repository indexed successfully (16.8s)

  13,025 nodes | 45,543 edges | 602 clusters | 1163 flows
  /Users/peppi/Dev/higgs

