In file included from /private/tmp/higgs-dense-prefill/register-q.metal:2:
In file included from /private/tmp/higgs-dense-prefill/register-q/mlx/backend/metal/kernels/steel/attn/kernels/steel_attention.h:3:
In file included from /Users/peppi/Dev/higgs/target/release/build/mlx-sys-e955ea9cb0a9ee5d/out/build/_deps/mlx-src/mlx/backend/metal/kernels/steel/attn/attn.h:6:
In file included from /Users/peppi/Dev/higgs/target/release/build/mlx-sys-e955ea9cb0a9ee5d/out/build/_deps/mlx-src/mlx/backend/metal/kernels/steel/attn/mma.h:11:
/Users/peppi/Dev/higgs/target/release/build/mlx-sys-e955ea9cb0a9ee5d/out/build/_deps/mlx-src/mlx/backend/metal/kernels/steel/utils/integral_constant.h:108:6: warning: constexpr if is a C++17 extension [-Wc++17-extensions]
  if constexpr (start < stop) {
     ^
In file included from /private/tmp/higgs-dense-prefill/register-q.metal:2:
/private/tmp/higgs-dense-prefill/register-q/mlx/backend/metal/kernels/steel/attn/kernels/steel_attention.h:365:16: warning: constexpr if is a C++17 extension [-Wc++17-extensions]
            if constexpr (is_bool) {
               ^
/private/tmp/higgs-dense-prefill/register-q/mlx/backend/metal/kernels/steel/attn/kernels/steel_attention.h:435:14: warning: constexpr if is a C++17 extension [-Wc++17-extensions]
          if constexpr (BD == 128) {
             ^
/private/tmp/higgs-dense-prefill/register-q/mlx/backend/metal/kernels/steel/attn/kernels/steel_attention.h:445:14: warning: constexpr if is a C++17 extension [-Wc++17-extensions]
          if constexpr (BD == 128) {
             ^
4 warnings generated.
Now drawing from 'Battery Power'
 -InternalBattery-0 (id=22872163)	34%; discharging; (no estimate) present: true

SHAPE 31 1055
{"nq":31,"nk":1055,"causal":0,"max_abs":5.06639e-07,"relative_l2":8.35939e-07}
{"nq":31,"nk":1055,"causal":1,"max_abs":5.06639e-07,"relative_l2":8.35939e-07}
{"nq":31,"nk":1055,"arm":0,"median_ms":1.068}
{"nq":31,"nk":1055,"arm":1,"median_ms":0.9965}
{"nq":31,"nk":1055,"arm":2,"median_ms":0.833792}
{"nq":31,"nk":1055,"arm":2,"median_ms":0.969875}
{"nq":31,"nk":1055,"arm":1,"median_ms":0.787458}
{"nq":31,"nk":1055,"arm":0,"median_ms":0.842292}

SHAPE 1024 8192
{"nq":1024,"nk":8192,"causal":0,"max_abs":5.58794e-07,"relative_l2":2.21072e-06}
{"nq":1024,"nk":8192,"causal":1,"max_abs":5.58794e-07,"relative_l2":2.21072e-06}
{"nq":1024,"nk":8192,"arm":0,"median_ms":80.4968}
{"nq":1024,"nk":8192,"arm":1,"median_ms":80.0654}
{"nq":1024,"nk":8192,"arm":2,"median_ms":162.528}
{"nq":1024,"nk":8192,"arm":2,"median_ms":161.421}
{"nq":1024,"nk":8192,"arm":1,"median_ms":79.6741}
{"nq":1024,"nk":8192,"arm":0,"median_ms":80.6534}

SHAPE 1024 32768
{"nq":1024,"nk":32768,"causal":0,"max_abs":6.48201e-07,"relative_l2":4.62075e-06}
{"nq":1024,"nk":32768,"causal":1,"max_abs":6.48201e-07,"relative_l2":4.62075e-06}
{"nq":1024,"nk":32768,"arm":0,"median_ms":358.629}
{"nq":1024,"nk":32768,"arm":1,"median_ms":479.013}
{"nq":1024,"nk":32768,"arm":2,"median_ms":761.333}
{"nq":1024,"nk":32768,"arm":2,"median_ms":767.589}
{"nq":1024,"nk":32768,"arm":1,"median_ms":449.584}
{"nq":1024,"nk":32768,"arm":0,"median_ms":403.234}

COMPLETE
