   Compiling higgs-models v1.7.0 (/private/tmp/higgs-m4-roofline/crates/higgs-models)
warning: unused import: `async_eval`
   --> crates/higgs-models/src/mlx_exec.rs:164:26
    |
164 |     use super::{acquire, async_eval, eval, held};
    |                          ^^^^^^^^^^
    |
    = note: `#[warn(unused_imports)]` (part of `#[warn(unused)]`) on by default

warning: unused import: `mlx_rs::ops::indexing::IndexOp`
  --> crates/higgs-models/src/metal_kernel.rs:25:5
   |
25 | use mlx_rs::ops::indexing::IndexOp;
   |     ^^^^^^^^^^^^^^^^^^^^^^^^^^^^^^

warning: unused variable: `row_count_pad`
    --> crates/higgs-models/src/metal_kernel.rs:1405:9
     |
1405 |     let row_count_pad = u32::try_from(rows_pad)
     |         ^^^^^^^^^^^^^ help: if this is intentional, prefix it with an underscore: `_row_count_pad`
     |
     = note: `#[warn(unused_variables)]` (part of `#[warn(unused)]`) on by default

warning: `higgs-models` (lib test) generated 3 warnings (run `cargo fix --lib -p higgs-models --tests` to apply 2 suggestions)
    Finished `release` profile [optimized] target(s) in 1m 56s
     Running unittests src/lib.rs (/Users/peppi/Dev/higgs/target/release/deps/higgs_models-c3e54f692729b75f)

running 2 tests
test eschamoe::tests::bench_fused_output_hadamard ... rows=8 width=1024 baseline_ms=0.361959 fused_ms=0.445000 speedup=0.813
rows=8 width=2048 baseline_ms=0.362917 fused_ms=0.340375 speedup=1.066
rows=4096 width=1024 baseline_ms=1.317333 fused_ms=1.680792 speedup=0.784
rows=4096 width=2048 baseline_ms=2.674834 fused_ms=4.436875 speedup=0.603
rows=8192 width=1024 baseline_ms=2.420417 fused_ms=3.185375 speedup=0.760
rows=8192 width=2048 baseline_ms=4.534166 fused_ms=5.923708 speedup=0.765
ok
test eschamoe::tests::fused_output_hadamard_matches_mlx_for_production_shapes ... gate_up/QMV: differing=0/6144 max_error=0 scale=1356.2596
down/scratch: differing=0/81920 max_error=0 scale=1763.2378
down/QMV: differing=0/12288 max_error=0 scale=1420.4113
gate_up/scratch: differing=0/40960 max_error=0 scale=1785.8805
ok

test result: ok. 2 passed; 0 failed; 0 ignored; 0 measured; 814 filtered out; finished in 1.45s

